[dotenv@17.3.1] injecting env (7) from .env -- tip: ΓÜÖ∩╕Å  override existing env vars with { override: true }
[
  'id',                  'name',
  'openingBalance',      'openingBalanceType',
  'currentBalance',      'customerType',
  'salutation',          'firstName',
  'lastName',            'companyName',
  'gstNumber',           'state',
  'registrationType',    'email',
  'workPhone',           'mobile',
  'phone',               'address',
  'creditLimit',         'language',
  'description',         'billingAddressJson',
  'shippingAddressJson', 'contactPersonsJson',
  'website',             'department',
  'designation',         'twitter',
  'skype',               'facebook',
  'pan',                 'currency',
  'receivableAccount',   'paymentTerms',
  'portalEnabled',       'documentsJson',
  'createdAt',           'updatedAt',
  'deletedAt',           'GroupId',
  'CompanyId'
]
